src/lib/firebase.ts(7,23): error TS2339: Property 'env' does not exist on type 'ImportMeta'.
src/lib/firebase.ts(8,27): error TS2339: Property 'env' does not exist on type 'ImportMeta'.
src/lib/firebase.ts(9,26): error TS2339: Property 'env' does not exist on type 'ImportMeta'.
src/lib/firebase.ts(10,30): error TS2339: Property 'env' does not exist on type 'ImportMeta'.
src/lib/firebase.ts(11,34): error TS2339: Property 'env' does not exist on type 'ImportMeta'.
src/lib/firebase.ts(12,22): error TS2339: Property 'env' does not exist on type 'ImportMeta'.
src/services/api.ts(3,34): error TS2339: Property 'env' does not exist on type 'ImportMeta'.
